  Ôû▓ Next.js 15.0.1
  - Environments: .env

   Creating an optimized production build ...
 Ô£ô Compiled successfully
   Linting and checking validity of types ...
node.exe : 
En línea: 1 Carácter: 1
+ & "C:\Program 
Files\nodejs/node.exe" 
"C:\Program 
Files\nodejs/node_mo 
...
+ ~~~~~~~~~~~~~~~~~~~~~
~~~~~~~~~~~~~~~~~~~~~~~
~~~~~~~~~~~~~~~~~~~~~~~
~~
    + CategoryInfo     
         : NotSpecifi  
  ed: (:String) [],    
 RemoteException
    + FullyQualifiedEr 
   rorId : NativeComm  
  andError
 
Failed to compile.

./src/app/(dashboard)/s
ubject/[id]/page.tsx
21:7  Error: Use 
"@ts-expect-error" 
instead of 
"@ts-ignore", as 
"@ts-ignore" will do 
nothing if the 
following line is 
error-free.  @typescrip
t-eslint/ban-ts-comment
24:10  Error: 
Unexpected any. 
Specify a different 
type.  @typescript-esli
nt/no-explicit-any
28:22  Error: 
Unexpected any. 
Specify a different 
type.  @typescript-esli
nt/no-explicit-any
177:57  Error: 
Unexpected any. 
Specify a different 
type.  @typescript-esli
nt/no-explicit-any

./src/components/news/N
ewsEditor.tsx
90:23  Warning: Using 
`<img>` could result 
in slower LCP and 
higher bandwidth. 
Consider using `<Image 
/>` from `next/image` 
to automatically 
optimize images. This 
may incur additional 
usage or cost from 
your provider. See: htt
ps://nextjs.org/docs/me
ssages/no-img-element  
@next/next/no-img-eleme
nt

info  - Need to 
disable some ESLint 
rules? Learn more 
here: https://nextjs.or
g/docs/basic-features/e
slint#disabling-rules
